  x Missing a property accessor to the local variable `x`.
   ,-[input.js:3:1]
 2 | nameof.array((x) => x);
 3 | nameof.array((x) => [nameof.full(x)]);
   :                                  ^
 4 | nameof.array((x) => [nameof.full<typeof x>()])
   `----
  x Missing a property accessor to the local variable `x`.
   ,-[input.js:4:1]
 3 | nameof.array((x) => [nameof.full(x)]);
 4 | nameof.array((x) => [nameof.full<typeof x>()])
   :                                  ^^^^^^^^
   `----
