  x The spread operator is not supported.
   ,-[input.js:1:1]
 1 | nameof(...process.argv);
   :        ^^^
   `----
