  x The method `dosenbrot` is not supported.
   ,-[input.js:1:1]
 1 | nameof.dosenbrot(console);
   :        ^^^^^^^^^
   `----
